Removed Pin From Net: NetName=+5 Pin=+VBR-1
Removed Pin From Net: NetName=GPIO_0 Pin=DD7-4
Removed Pin From Net: NetName=GPIO_1 Pin=DD7-5
Removed Pin From Net: NetName=RX_0 Pin=DD7-15
Removed Pin From Net: NetName=TX_0 Pin=DD7-16
Removed Pin From Net: NetName=GND Pin=R28-2
Removed Pin From Net: NetName=GND Pin=VT7-2
Added Pin To Net: NetName=EN_MT3608 Pin=DD7-4
Added Pin To Net: NetName=BTN Pin=DD7-5
Added Pin To Net: NetName=USB_SET Pin=DD7-10
Added Pin To Net: NetName=SDA Pin=DD7-12
Added Pin To Net: NetName=SCL Pin=DD7-13
Added Pin To Net: NetName=STAT Pin=DD7-14
Added Pin To Net: NetName=GPIO_1 Pin=DD7-15
Added Pin To Net: NetName=GPIO_0 Pin=DD7-16
Change Net Name : Old Net Name=GPIO_0 New Net Name=UART0_TX
Change Net Name : Old Net Name=GPIO_1 New Net Name=UART0_RX
Change Net Name : Old Net Name=GPIO_12 New Net Name=INT_BQ25895
Change Net Name : Old Net Name=GPIO_13 New Net Name=INT_MPU6050
Change Net Name : Old Net Name=GPIO_21 New Net Name=UART1_TX
